
> tripoli-web@0.1.0 build
> next build

node.exe : [baseline-browser-mapping] The data in 
this module is over two months old.  To ensure 
accurate Baseline data, please update: `npm i 
baseline-browser-mapping@latest -D`
En línea: 1 Carácter: 1
+ & "C:\Program Files\nodejs/node.exe" "C:\Program 
Files\nodejs/node_mo ...
+ ~~~~~~~~~~~~~~~~~~~~~~~~~~~~~~~~~~~~~~~~~~~~~~~~~~
~~~~~~~~~~~~~~~~~~~
    + CategoryInfo          : NotSpecified: ([basel 
   ine-brows...ping@latest -D`:String) [], RemoteE  
  xception
    + FullyQualifiedErrorId : NativeCommandError
 
ÔÜá Warning: Next.js inferred your workspace root, 
but it may not be correct.
 We detected multiple lockfiles and selected the 
directory of C:\Users\moise\Desktop\Proyectos 
Web\package-lock.json as the root directory.
 To silence this warning, set `turbopack.root` in 
your Next.js config, or consider removing one of 
the lockfiles if it's not needed.
   See https://nextjs.org/docs/app/api-reference/con
fig/next-config-js/turbopack#root-directory for 
more information.
 Detected additional lockfiles: 
   * C:\Users\moise\Desktop\Proyectos 
Web\tripoli-web\package-lock.json

Ôû▓ Next.js 16.1.6 (Turbopack)
- Environments: .env.local

ÔÜá The "middleware" file convention is deprecated. 
Please use "proxy" instead. Learn more: 
https://nextjs.org/docs/messages/middleware-to-proxy
  Creating an optimized production build ...
[baseline-browser-mapping] The data in this module 
is over two months old.  To ensure accurate 
Baseline data, please update: `npm i 
baseline-browser-mapping@latest -D`
[baseline-browser-mapping] The data in this module 
is over two months old.  To ensure accurate 
Baseline data, please update: `npm i 
baseline-browser-mapping@latest -D`
Ô£ô Compiled successfully in 13.2s
  Running TypeScript ...
  Collecting page data using 11 workers ...
[baseline-browser-mapping] The data in this module 
is over two months old.  To ensure accurate 
Baseline data, please update: `npm i 
baseline-browser-mapping@latest -D`
[baseline-browser-mapping] The data in this module 
is over two months old.  To ensure accurate 
Baseline data, please update: `npm i 
baseline-browser-mapping@latest -D`
[baseline-browser-mapping] The data in this module 
is over two months old.  To ensure accurate 
Baseline data, please update: `npm i 
baseline-browser-mapping@latest -D`
[baseline-browser-mapping] The data in this module 
is over two months old.  To ensure accurate 
Baseline data, please update: `npm i 
baseline-browser-mapping@latest -D`
[baseline-browser-mapping] The data in this module 
is over two months old.  To ensure accurate 
Baseline data, please update: `npm i 
baseline-browser-mapping@latest -D`
[baseline-browser-mapping] The data in this module 
is over two months old.  To ensure accurate 
Baseline data, please update: `npm i 
baseline-browser-mapping@latest -D`
[baseline-browser-mapping] The data in this module 
is over two months old.  To ensure accurate 
Baseline data, please update: `npm i 
baseline-browser-mapping@latest -D`
[baseline-browser-mapping] The data in this module 
is over two months old.  To ensure accurate 
Baseline data, please update: `npm i 
baseline-browser-mapping@latest -D`
[baseline-browser-mapping] The data in this module 
is over two months old.  To ensure accurate 
Baseline data, please update: `npm i 
baseline-browser-mapping@latest -D`
[baseline-browser-mapping] The data in this module 
is over two months old.  To ensure accurate 
Baseline data, please update: `npm i 
baseline-browser-mapping@latest -D`
[baseline-browser-mapping] The data in this module 
is over two months old.  To ensure accurate 
Baseline data, please update: `npm i 
baseline-browser-mapping@latest -D`
ÔÜá´©Å Firebase Admin SDK Environment Variables 
Missing
ÔÜá´©Å Firebase Admin SDK Environment Variables 
Missing
ÔÜá´©Å Firebase Admin SDK Environment Variables 
Missing
ÔÜá´©Å Firebase Admin SDK Environment Variables 
Missing
ÔÜá´©Å Firebase Admin SDK Environment Variables 
Missing
ÔÜá´©Å Firebase Admin SDK Environment Variables 
Missing
  Generating static pages using 11 workers (0/143) ...
  Generating static pages using 11 workers (35/143) 
Error occurred prerendering page "/sector-salud/fabr
icantes-equipos-insumos/articulo/Slug: fabricantes-e
quipos-insumos-medicos-mexico-ranking-2026". Read 
more: 
https://nextjs.org/docs/messages/prerender-error
Error: ENOENT: no such file or directory, mkdir 
'C:\Users\moise\Desktop\Proyectos Web\tripoli-web\.n
ext\server\app\sector-salud\fabricantes-equipos-insu
mos\articulo\Slug: fabricantes-equipos-insumos-medic
os-mexico-ranking-2026.segments'
    at ignore-listed frames {
  errno: -4058,
  code: 'ENOENT',
  syscall: 'mkdir',
  path: 'C:\\Users\\moise\\Desktop\\Proyectos Web\\t
ripoli-web\\.next\\server\\app\\sector-salud\\fabric
antes-equipos-insumos\\articulo\\Slug: fabricantes-e
quipos-insumos-medicos-mexico-ranking-2026.segments'
}
Export encountered an error on 
/[category]/[subcategory]/articulo/[slug]/page: /sec
tor-salud/fabricantes-equipos-insumos/articulo/Slug:
 fabricantes-equipos-insumos-medicos-mexico-ranking-
2026, exiting the build.
Ô¿» Next.js build worker exited with code: 1 and 
signal: null
